2026-08-21T00:36:18.196+05:30  INFO 4932 --- [ClientDesk] [restartedMain] c.p.ClientDesk.ClientDeskApplication     : Starting ClientDeskApplication using Java 17.0.12 with PID 4932 (X:\ClientDesk (1)\ClientDesk\target\classes started by irfan in X:\ClientDesk (1))
2026-08-21T00:36:18.207+05:30  INFO 4932 --- [ClientDesk] [restartedMain] c.p.ClientDesk.ClientDeskApplication     : No active profile set, falling back to 1 default profile: "default"
2026-08-21T00:36:18.285+05:30  INFO 4932 --- [ClientDesk] [restartedMain] .e.DevToolsPropertyDefaultsPostProcessor : Devtools property defaults active! Set 'spring.devtools.add-properties' to 'false' to disable
2026-08-21T00:36:18.285+05:30  INFO 4932 --- [ClientDesk] [restartedMain] .e.DevToolsPropertyDefaultsPostProcessor : For additional web related logging consider setting the 'logging.level.web' property to 'DEBUG'
2026-08-21T00:36:19.651+05:30  INFO 4932 --- [ClientDesk] [restartedMain] .s.d.r.c.RepositoryConfigurationDelegate : Bootstrapping Spring Data JPA repositories in DEFAULT mode.
2026-08-21T00:36:19.771+05:30  INFO 4932 --- [ClientDesk] [restartedMain] .s.d.r.c.RepositoryConfigurationDelegate : Finished Spring Data repository scanning in 109 ms. Found 8 JPA repository interfaces.
2026-08-21T00:36:20.780+05:30  INFO 4932 --- [ClientDesk] [restartedMain] o.s.b.w.embedded.tomcat.TomcatWebServer  : Tomcat initialized with port 8080 (http)
2026-08-21T00:36:20.796+05:30  INFO 4932 --- [ClientDesk] [restartedMain] o.apache.catalina.core.StandardService   : Starting service [Tomcat]
2026-08-21T00:36:20.796+05:30  INFO 4932 --- [ClientDesk] [restartedMain] o.apache.catalina.core.StandardEngine    : Starting Servlet engine: [Apache Tomcat/10.1.54]
2026-08-21T00:36:20.861+05:30  INFO 4932 --- [ClientDesk] [restartedMain] o.a.c.c.C.[Tomcat].[localhost].[/]       : Initializing Spring embedded WebApplicationContext
2026-08-21T00:36:20.862+05:30  INFO 4932 --- [ClientDesk] [restartedMain] w.s.c.ServletWebServerApplicationContext : Root WebApplicationContext: initialization completed in 2574 ms
2026-08-21T00:36:21.049+05:30  INFO 4932 --- [ClientDesk] [restartedMain] o.hibernate.jpa.internal.util.LogHelper  : HHH000204: Processing PersistenceUnitInfo [name: default]
2026-08-21T00:36:21.128+05:30  INFO 4932 --- [ClientDesk] [restartedMain] org.hibernate.Version                    : HHH000412: Hibernate ORM core version 6.6.49.Final
2026-08-21T00:36:21.183+05:30  INFO 4932 --- [ClientDesk] [restartedMain] o.h.c.internal.RegionFactoryInitiator    : HHH000026: Second-level cache disabled
2026-08-21T00:36:21.594+05:30  INFO 4932 --- [ClientDesk] [restartedMain] o.s.o.j.p.SpringPersistenceUnitInfo      : No LoadTimeWeaver setup: ignoring JPA class transformer
2026-08-21T00:36:21.663+05:30  INFO 4932 --- [ClientDesk] [restartedMain] com.zaxxer.hikari.HikariDataSource       : HikariPool-1 - Starting...
2026-08-21T00:36:22.063+05:30  INFO 4932 --- [ClientDesk] [restartedMain] com.zaxxer.hikari.pool.HikariPool        : HikariPool-1 - Added connection com.mysql.cj.jdbc.ConnectionImpl@57ebfd39
2026-08-21T00:36:22.066+05:30  INFO 4932 --- [ClientDesk] [restartedMain] com.zaxxer.hikari.HikariDataSource       : HikariPool-1 - Start completed.
2026-08-21T00:36:22.133+05:30  WARN 4932 --- [ClientDesk] [restartedMain] org.hibernate.orm.deprecation            : HHH90000025: MySQLDialect does not need to be specified explicitly using 'hibernate.dialect' (remove the property setting and it will be selected by default)
2026-08-21T00:36:22.159+05:30  INFO 4932 --- [ClientDesk] [restartedMain] org.hibernate.orm.connections.pooling    : HHH10001005: Database info:
	Database JDBC URL [Connecting through datasource 'HikariDataSource (HikariPool-1)']
	Database driver: undefined/unknown
	Database version: 8.0.43
	Autocommit mode: undefined/unknown
	Isolation level: undefined/unknown
	Minimum pool size: undefined/unknown
	Maximum pool size: undefined/unknown
2026-08-21T00:36:23.317+05:30  INFO 4932 --- [ClientDesk] [restartedMain] o.h.e.t.j.p.i.JtaPlatformInitiator       : HHH000489: No JTA platform available (set 'hibernate.transaction.jta.platform' to enable JTA platform integration)
2026-08-21T00:36:23.429+05:30  INFO 4932 --- [ClientDesk] [restartedMain] j.LocalContainerEntityManagerFactoryBean : Initialized JPA EntityManagerFactory for persistence unit 'default'
2026-08-21T00:36:23.861+05:30  INFO 4932 --- [ClientDesk] [restartedMain] eAuthenticationProviderManagerConfigurer : Global AuthenticationManager configured with AuthenticationProvider bean with name authenticationProvider
2026-08-21T00:36:23.862+05:30  WARN 4932 --- [ClientDesk] [restartedMain] r$InitializeUserDetailsManagerConfigurer : Global AuthenticationManager configured with an AuthenticationProvider bean. UserDetailsService beans will not be used by Spring Security for automatically configuring username/password login. Consider removing the AuthenticationProvider bean. Alternatively, consider using the UserDetailsService in a manually instantiated DaoAuthenticationProvider. If the current configuration is intentional, to turn off this warning, increase the logging level of 'org.springframework.security.config.annotation.authentication.configuration.InitializeUserDetailsBeanManagerConfigurer' to ERROR
2026-08-21T00:36:24.002+05:30  INFO 4932 --- [ClientDesk] [restartedMain] o.s.d.j.r.query.QueryEnhancerFactory     : Hibernate is in classpath; If applicable, HQL parser will be used.
2026-08-21T00:36:25.399+05:30  WARN 4932 --- [ClientDesk] [restartedMain] JpaBaseConfiguration$JpaWebConfiguration : spring.jpa.open-in-view is enabled by default. Therefore, database queries may be performed during view rendering. Explicitly configure spring.jpa.open-in-view to disable this warning
2026-08-21T00:36:26.115+05:30  INFO 4932 --- [ClientDesk] [restartedMain] o.s.b.d.a.OptionalLiveReloadServer       : LiveReload server is running on port 35729
2026-08-21T00:36:26.152+05:30  INFO 4932 --- [ClientDesk] [restartedMain] o.s.b.w.embedded.tomcat.TomcatWebServer  : Tomcat started on port 8080 (http) with context path '/'
2026-08-21T00:36:26.162+05:30  INFO 4932 --- [ClientDesk] [restartedMain] c.p.ClientDesk.ClientDeskApplication     : Started ClientDeskApplication in 8.62 seconds (process running for 9.26)
2026-08-21T00:37:06.664+05:30  INFO 4932 --- [ClientDesk] [http-nio-8080-exec-1] o.a.c.c.C.[Tomcat].[localhost].[/]       : Initializing Spring DispatcherServlet 'dispatcherServlet'
2026-08-21T00:37:06.665+05:30  INFO 4932 --- [ClientDesk] [http-nio-8080-exec-1] o.s.web.servlet.DispatcherServlet        : Initializing Servlet 'dispatcherServlet'
2026-08-21T00:37:06.666+05:30  INFO 4932 --- [ClientDesk] [http-nio-8080-exec-1] o.s.web.servlet.DispatcherServlet        : Completed initialization in 1 ms
2026-08-21T00:37:09.051+05:30  WARN 4932 --- [ClientDesk] [http-nio-8080-exec-4] ration$PageModule$WarningLoggingModifier : Serializing PageImpl instances as-is is not supported, meaning that there is no guarantee about the stability of the resulting JSON structure!
	For a stable JSON structure, please use Spring Data's PagedModel (globally via @EnableSpringDataWebSupport(pageSerializationMode = VIA_DTO))
	or Spring HATEOAS and Spring Data's PagedResourcesAssembler as documented in https://docs.spring.io/spring-data/commons/reference/repositories/core-extensions.html#core.web.pageables.

2026-08-21T03:09:19.805+05:30  INFO 4932 --- [ClientDesk] [SpringApplicationShutdownHook] o.s.b.w.e.tomcat.GracefulShutdown        : Commencing graceful shutdown. Waiting for active requests to complete
2026-08-21T03:09:19.927+05:30  INFO 4932 --- [ClientDesk] [tomcat-shutdown] o.s.b.w.e.tomcat.GracefulShutdown        : Graceful shutdown complete
2026-08-21T03:09:19.942+05:30  INFO 4932 --- [ClientDesk] [SpringApplicationShutdownHook] j.LocalContainerEntityManagerFactoryBean : Closing JPA EntityManagerFactory for persistence unit 'default'
2026-08-21T03:09:19.960+05:30  INFO 4932 --- [ClientDesk] [SpringApplicationShutdownHook] com.zaxxer.hikari.HikariDataSource       : HikariPool-1 - Shutdown initiated...
2026-08-21T03:09:19.965+05:30  INFO 4932 --- [ClientDesk] [SpringApplicationShutdownHook] com.zaxxer.hikari.HikariDataSource       : HikariPool-1 - Shutdown completed.
